00:00 +0: loading C:/Projects/croiz/frontend/test/unit/locked_cells_persistence_test.dart
00:00 +0: Locked cells persistence on puzzle switch locked cells are persisted when switching puzzles and restored when returning
DEBUG: GameBoardNotifier.build for locked-test-a
Checking entry 1 across: complete=false
Checking entry 1 across: complete=false
Checking entry 1 across: complete=true
DEBUG: GameBoardNotifier.build for locked-test-b
DEBUG: GameBoardNotifier.build for locked-test-a
00:01 +0 -1: Locked cells persistence on puzzle switch locked cells are persisted when switching puzzles and restored when returning [E]
  Expected: contains all of [CellKey:0,0, CellKey:0,1, CellKey:0,2]
    Actual: Set:[]
     Which: has too few elements (0 < 3)
  BUG: Locked cells should be restored when returning to puzzle A
  
  package:matcher                                     expect
  package:flutter_test/src/widget_tester.dart 473:18  expect
  test\unit\locked_cells_persistence_test.dart 224:9  main.<fn>.<fn>
  
00:01 +0 -1: Some tests failed.
